{
  "data": {
    "attributes": {
      "system.created_at": "0001-01-01T00:00:00Z",
      "system.number": 1,
      "system.order": 1000,
      "system.remote_item_id": null,
      "system.state": "new",
      "system.title": "Updated Test WI",
      "system.updated_at": "0001-01-01T00:00:00Z",
      "version": 1
    },
    "id": "3c0b14df-9205-4cbd-ade0-5feaa1a6f498",
    "links": {
      "related": "http:///api/workitems/3c0b14df-9205-4cbd-ade0-5feaa1a6f498",
      "self": "http:///api/workitems/3c0b14df-9205-4cbd-ade0-5feaa1a6f498"
    },
    "relationships": {
      "area": {
        "data": {
          "id": "e189ad80-5d49-437c-ae4d-3905ff868bee",
          "links": {
            "related": "http:///api/areas/e189ad80-5d49-437c-ae4d-3905ff868bee",
            "self": "http:///api/areas/e189ad80-5d49-437c-ae4d-3905ff868bee"
          },
          "type": "areas"
        }
      },
      "assignees": {},
      "baseType": {
        "data": {
          "id": "f13a0fbf-1c9b-4561-801e-cb2210067d18",
          "type": "workitemtypes"
        },
        "links": {
          "self": "http:///api/spaces/8aa4cb28-05a0-4f7e-b3e4-d4be40c60cba/workitemtypes/f13a0fbf-1c9b-4561-801e-cb2210067d18"
        }
      },
      "children": {
        "links": {
          "related": "http:///api/workitems/3c0b14df-9205-4cbd-ade0-5feaa1a6f498/children"
        },
        "meta": {
          "hasChildren": false
        }
      },
      "comments": {
        "links": {
          "related": "http:///api/workitems/3c0b14df-9205-4cbd-ade0-5feaa1a6f498/comments",
          "self": "http:///api/workitems/3c0b14df-9205-4cbd-ade0-5feaa1a6f498/relationships/comments"
        }
      },
      "creator": {
        "data": {
          "id": "71a1e4e2-0de9-4b47-9365-e600fdce4947",
          "links": {
            "related": "http:///api/users/71a1e4e2-0de9-4b47-9365-e600fdce4947",
            "self": "http:///api/users/71a1e4e2-0de9-4b47-9365-e600fdce4947"
          },
          "type": "users"
        }
      },
      "iteration": {
        "data": {
          "id": "ccfe5d06-69e4-45b9-b101-5a3d422694d6",
          "links": {
            "related": "http:///api/iterations/ccfe5d06-69e4-45b9-b101-5a3d422694d6",
            "self": "http:///api/iterations/ccfe5d06-69e4-45b9-b101-5a3d422694d6"
          },
          "type": "iterations"
        }
      },
      "labels": {
        "links": {
          "related": "http:///api/workitems/3c0b14df-9205-4cbd-ade0-5feaa1a6f498/labels"
        }
      },
      "space": {
        "data": {
          "id": "8aa4cb28-05a0-4f7e-b3e4-d4be40c60cba",
          "type": "spaces"
        },
        "links": {
          "related": "http:///api/spaces/8aa4cb28-05a0-4f7e-b3e4-d4be40c60cba",
          "self": "http:///api/spaces/8aa4cb28-05a0-4f7e-b3e4-d4be40c60cba"
        }
      }
    },
    "type": "workitems"
  },
  "links": {
    "self": "http:///api/workitems/3c0b14df-9205-4cbd-ade0-5feaa1a6f498"
  }
}