{
  "data": {
    "attributes": {
      "system.created_at": "0001-01-01T00:00:00Z",
      "system.description": "= Updated Test WI description",
      "system.description.markup": "PlainText",
      "system.description.rendered": "= Updated Test WI description",
      "system.number": 1,
      "system.order": 1000,
      "system.remote_item_id": null,
      "system.state": "new",
      "system.title": "Updated Test WI",
      "system.updated_at": "0001-01-01T00:00:00Z",
      "version": 1
    },
    "id": "64b409a4-838b-4811-a593-b0fcd5467764",
    "links": {
      "related": "http:///api/workitems/64b409a4-838b-4811-a593-b0fcd5467764",
      "self": "http:///api/workitems/64b409a4-838b-4811-a593-b0fcd5467764"
    },
    "relationships": {
      "area": {},
      "assignees": {},
      "baseType": {
        "data": {
          "id": "c82a748b-13d1-4e7e-8865-85bbfe119056",
          "type": "workitemtypes"
        },
        "links": {
          "self": "http:///api/spaces/51bb4f6f-0ab3-4812-a242-b8ef59ba718a/workitemtypes/c82a748b-13d1-4e7e-8865-85bbfe119056"
        }
      },
      "children": {
        "links": {
          "related": "http:///api/workitems/64b409a4-838b-4811-a593-b0fcd5467764/children"
        },
        "meta": {
          "hasChildren": false
        }
      },
      "comments": {
        "links": {
          "related": "http:///api/workitems/64b409a4-838b-4811-a593-b0fcd5467764/comments",
          "self": "http:///api/workitems/64b409a4-838b-4811-a593-b0fcd5467764/relationships/comments"
        }
      },
      "creator": {
        "data": {
          "id": "4ee3cd96-a7c6-4dc0-926b-a9370ea36af4",
          "links": {
            "related": "http:///api/users/4ee3cd96-a7c6-4dc0-926b-a9370ea36af4",
            "self": "http:///api/users/4ee3cd96-a7c6-4dc0-926b-a9370ea36af4"
          },
          "type": "users"
        }
      },
      "iteration": {},
      "labels": {
        "links": {
          "related": "http:///api/workitems/64b409a4-838b-4811-a593-b0fcd5467764/labels"
        }
      },
      "space": {
        "data": {
          "id": "51bb4f6f-0ab3-4812-a242-b8ef59ba718a",
          "type": "spaces"
        },
        "links": {
          "related": "http:///api/spaces/51bb4f6f-0ab3-4812-a242-b8ef59ba718a",
          "self": "http:///api/spaces/51bb4f6f-0ab3-4812-a242-b8ef59ba718a"
        }
      }
    },
    "type": "workitems"
  },
  "links": {
    "self": "http:///api/workitems/64b409a4-838b-4811-a593-b0fcd5467764"
  }
}