{
  "data": {
    "attributes": {
      "system.created_at": "0001-01-01T00:00:00Z",
      "system.description": "`(see function github.com/fabric8-services/fabric8-wit/controller_test.(*searchControllerTestSuite).TestUpdateWorkItem.func2 in controller/search_blackbox_test.go)`",
      "system.description.markup": "Markdown",
      "system.description.rendered": "\u003cp\u003e\u003ccode\u003e(see function github.com/fabric8-services/fabric8-wit/controller_test.(*searchControllerTestSuite).TestUpdateWorkItem.func2 in controller/search_blackbox_test.go)\u003c/code\u003e\u003c/p\u003e\n",
      "system.metastate": null,
      "system.number": 2,
      "system.order": 2000,
      "system.remote_item_id": null,
      "system.state": "new",
      "system.title": "Updated Test WI",
      "system.updated_at": "0001-01-01T00:00:00Z",
      "system_remote_item_url": null,
      "system_remote_tracker_id": null,
      "version": 1
    },
    "id": "00000000-0000-0000-0000-000000000001",
    "links": {
      "related": "http:///api/workitems/00000000-0000-0000-0000-000000000001",
      "self": "http:///api/workitems/00000000-0000-0000-0000-000000000001"
    },
    "relationships": {
      "area": {
        "data": {
          "id": "00000000-0000-0000-0000-000000000002",
          "type": "areas"
        },
        "links": {
          "related": "http:///api/areas/00000000-0000-0000-0000-000000000002",
          "self": "http:///api/areas/00000000-0000-0000-0000-000000000002"
        }
      },
      "assignees": {},
      "baseType": {
        "data": {
          "id": "00000000-0000-0000-0000-000000000003",
          "type": "workitemtypes"
        },
        "links": {
          "self": "http:///api/workitemtypes/00000000-0000-0000-0000-000000000003"
        }
      },
      "boardcolumns": {},
      "children": {
        "links": {
          "related": "http:///api/workitems/00000000-0000-0000-0000-000000000001/children"
        },
        "meta": {
          "hasChildren": false
        }
      },
      "comments": {
        "links": {
          "related": "http:///api/workitems/00000000-0000-0000-0000-000000000001/comments",
          "self": "http:///api/workitems/00000000-0000-0000-0000-000000000001/relationships/comments"
        }
      },
      "creator": {
        "data": {
          "id": "00000000-0000-0000-0000-000000000004",
          "type": "users"
        },
        "links": {
          "related": "http:///api/users/00000000-0000-0000-0000-000000000004",
          "self": "http:///api/users/00000000-0000-0000-0000-000000000004"
        }
      },
      "events": {
        "links": {
          "related": "http:///api/workitems/00000000-0000-0000-0000-000000000001/events"
        }
      },
      "iteration": {
        "data": {
          "id": "00000000-0000-0000-0000-000000000005",
          "type": "iterations"
        },
        "links": {
          "related": "http:///api/iterations/00000000-0000-0000-0000-000000000005",
          "self": "http:///api/iterations/00000000-0000-0000-0000-000000000005"
        }
      },
      "labels": {
        "links": {
          "related": "http:///api/workitems/00000000-0000-0000-0000-000000000001/labels"
        }
      },
      "space": {
        "data": {
          "id": "00000000-0000-0000-0000-000000000006",
          "type": "spaces"
        },
        "links": {
          "related": "http:///api/spaces/00000000-0000-0000-0000-000000000006",
          "self": "http:///api/spaces/00000000-0000-0000-0000-000000000006"
        }
      },
      "workItemLinks": {
        "links": {
          "related": "http:///api/workitems/00000000-0000-0000-0000-000000000001/links"
        }
      }
    },
    "type": "workitems"
  },
  "links": {
    "self": "http:///api/workitems/00000000-0000-0000-0000-000000000001"
  }
}