{
  "Content-Type": [
    "application/vnd.api+json"
  ],
  "Etag": [
    "IGNORE_ME"
  ]
}