{
  "data": {
    "attributes": {
      "bar": null,
      "fooBar": "alpha",
      "fooo": 2.5,
      "integer-or-float-list": [],
      "system_created_at": "0001-01-01T00:00:00Z",
      "system_description": "```\nMissing fields in workitem type: Second WorkItem Type\n\nType1 Assigned To : First User (jon_doe), Second User (lorem_ipsum)\nType1 bar : hello\nType1 fooBar : open\nType1 integer-or-float-list : 101\nType1 reporter : First User (jon_doe)\n```\ndescription1\n",
      "system_description_markup": "Markdown",
      "system_description_rendered": "\u003cpre\u003e\u003ccode class=\"prettyprint\"\u003e\u003cspan class=\"typ\"\u003eMissing\u003c/span\u003e \u003cspan class=\"pln\"\u003efields\u003c/span\u003e \u003cspan class=\"kwd\"\u003ein\u003c/span\u003e \u003cspan class=\"pln\"\u003eworkitem\u003c/span\u003e \u003cspan class=\"kwd\"\u003etype\u003c/span\u003e\u003cspan class=\"pun\"\u003e:\u003c/span\u003e \u003cspan class=\"typ\"\u003eSecond\u003c/span\u003e \u003cspan class=\"typ\"\u003eWorkItem\u003c/span\u003e \u003cspan class=\"typ\"\u003eType\u003c/span\u003e\n\n\u003cspan class=\"typ\"\u003eType1\u003c/span\u003e \u003cspan class=\"typ\"\u003eAssigned\u003c/span\u003e \u003cspan class=\"typ\"\u003eTo\u003c/span\u003e \u003cspan class=\"pun\"\u003e:\u003c/span\u003e \u003cspan class=\"typ\"\u003eFirst\u003c/span\u003e \u003cspan class=\"typ\"\u003eUser\u003c/span\u003e \u003cspan class=\"pun\"\u003e(\u003c/span\u003e\u003cspan class=\"pln\"\u003ejon_doe\u003c/span\u003e\u003cspan class=\"pun\"\u003e)\u003c/span\u003e\u003cspan class=\"pun\"\u003e,\u003c/span\u003e \u003cspan class=\"typ\"\u003eSecond\u003c/span\u003e \u003cspan class=\"typ\"\u003eUser\u003c/span\u003e \u003cspan class=\"pun\"\u003e(\u003c/span\u003e\u003cspan class=\"pln\"\u003elorem_ipsum\u003c/span\u003e\u003cspan class=\"pun\"\u003e)\u003c/span\u003e\n\u003cspan class=\"typ\"\u003eType1\u003c/span\u003e \u003cspan class=\"pln\"\u003ebar\u003c/span\u003e \u003cspan class=\"pun\"\u003e:\u003c/span\u003e \u003cspan class=\"pln\"\u003ehello\u003c/span\u003e\n\u003cspan class=\"typ\"\u003eType1\u003c/span\u003e \u003cspan class=\"pln\"\u003efooBar\u003c/span\u003e \u003cspan class=\"pun\"\u003e:\u003c/span\u003e \u003cspan class=\"pln\"\u003eopen\u003c/span\u003e\n\u003cspan class=\"typ\"\u003eType1\u003c/span\u003e \u003cspan class=\"pln\"\u003einteger\u003c/span\u003e\u003cspan class=\"pun\"\u003e-\u003c/span\u003e\u003cspan class=\"kwd\"\u003eor\u003c/span\u003e\u003cspan class=\"pun\"\u003e-\u003c/span\u003e\u003cspan class=\"kwd\"\u003efloat\u003c/span\u003e\u003cspan class=\"pun\"\u003e-\u003c/span\u003e\u003cspan class=\"pln\"\u003elist\u003c/span\u003e \u003cspan class=\"pun\"\u003e:\u003c/span\u003e \u003cspan class=\"dec\"\u003e101\u003c/span\u003e\n\u003cspan class=\"typ\"\u003eType1\u003c/span\u003e \u003cspan class=\"pln\"\u003ereporter\u003c/span\u003e \u003cspan class=\"pun\"\u003e:\u003c/span\u003e \u003cspan class=\"typ\"\u003eFirst\u003c/span\u003e \u003cspan class=\"typ\"\u003eUser\u003c/span\u003e \u003cspan class=\"pun\"\u003e(\u003c/span\u003e\u003cspan class=\"pln\"\u003ejon_doe\u003c/span\u003e\u003cspan class=\"pun\"\u003e)\u003c/span\u003e\n\u003c/code\u003e\u003c/pre\u003e\n\n\u003cp\u003edescription1\u003c/p\u003e\n",
      "system_metastate": null,
      "system_number": 1,
      "system_order": 1000,
      "system_remote_item_id": null,
      "system_state": "new",
      "system_title": "work item 00000000-0000-0000-0000-000000000001",
      "system_updated_at": "0001-01-01T00:00:00Z",
      "version": 1
    },
    "id": "00000000-0000-0000-0000-000000000002",
    "links": {
      "related": "http:///api/workitems/00000000-0000-0000-0000-000000000002",
      "self": "http:///api/workitems/00000000-0000-0000-0000-000000000002"
    },
    "relationships": {
      "area": {},
      "assignees": {},
      "baseType": {
        "data": {
          "id": "00000000-0000-0000-0000-000000000003",
          "type": "workitemtypes"
        },
        "links": {
          "self": "http:///api/workitemtypes/00000000-0000-0000-0000-000000000003"
        }
      },
      "children": {
        "links": {
          "related": "http:///api/workitems/00000000-0000-0000-0000-000000000002/children"
        },
        "meta": {
          "hasChildren": false
        }
      },
      "comments": {
        "links": {
          "related": "http:///api/workitems/00000000-0000-0000-0000-000000000002/comments",
          "self": "http:///api/workitems/00000000-0000-0000-0000-000000000002/relationships/comments"
        }
      },
      "creator": {
        "data": {
          "id": "00000000-0000-0000-0000-000000000004",
          "type": "users"
        },
        "links": {
          "related": "http:///api/users/00000000-0000-0000-0000-000000000004",
          "self": "http:///api/users/00000000-0000-0000-0000-000000000004"
        }
      },
      "events": {
        "links": {
          "related": "http:///api/workitems/00000000-0000-0000-0000-000000000002/events"
        }
      },
      "iteration": {},
      "labels": {
        "links": {
          "related": "http:///api/workitems/00000000-0000-0000-0000-000000000002/labels"
        }
      },
      "space": {
        "data": {
          "id": "00000000-0000-0000-0000-000000000005",
          "type": "spaces"
        },
        "links": {
          "related": "http:///api/spaces/00000000-0000-0000-0000-000000000005",
          "self": "http:///api/spaces/00000000-0000-0000-0000-000000000005"
        }
      },
      "system_boardcolumns": {},
      "workItemLinks": {
        "links": {
          "related": "http:///api/workitems/00000000-0000-0000-0000-000000000002/links"
        }
      }
    },
    "type": "workitems"
  },
  "links": {
    "self": "http:///api/workitems/00000000-0000-0000-0000-000000000002"
  }
}