{
  "Content-Type": [
    "application/vnd.api+json"
  ],
  "Last-Modified": [
    "Mon, 01 Jan 0001 00:00:00 GMT"
  ]
}