{
  "data": {
    "attributes": {
      "created-at": "0001-01-01T00:00:00Z",
      "name": "root",
      "number": 1,
      "parent_path": "/",
      "parent_path_resolved": "/",
      "updated-at": "0001-01-01T00:00:00Z",
      "version": 0
    },
    "id": "00000000-0000-0000-0000-000000000001",
    "links": {
      "related": "http:///api/areas/00000000-0000-0000-0000-000000000001",
      "self": "http:///api/areas/00000000-0000-0000-0000-000000000001"
    },
    "relationships": {
      "children": {
        "links": {
          "related": "http:///api/areas/00000000-0000-0000-0000-000000000001/children",
          "self": "http:///api/areas/00000000-0000-0000-0000-000000000001/children"
        }
      },
      "space": {
        "data": {
          "id": "00000000-0000-0000-0000-000000000002",
          "type": "spaces"
        },
        "links": {
          "related": "http:///api/spaces/00000000-0000-0000-0000-000000000002",
          "self": "http:///api/spaces/00000000-0000-0000-0000-000000000002"
        }
      }
    },
    "type": "areas"
  }
}