{
  "Cache-Control": [
    "private,max-age=120"
  ],
  "Content-Type": [
    "application/vnd.api+json"
  ],
  "Etag": [
    "SDMdTPHSz1hsNygDNy9MpA=="
  ],
  "Last-Modified": [
    "Thu, 21 Dec 2017 10:46:27 GMT"
  ]
}