{
  "data": [
    {
      "attributes": {
        "created-at": "0001-01-01T00:00:00Z",
        "description": "One work item item blocks another one",
        "forward_description": "Select the work item that is blocked by this one.",
        "forward_name": "blocks",
        "name": "Blocker",
        "reverse_description": "Select the work item that blocks this one.",
        "reverse_name": "is blocked by",
        "topology": "network",
        "updated-at": "0001-01-01T00:00:00Z",
        "version": 0
      },
      "id": "00000000-0000-0000-0000-000000000001",
      "links": {
        "related": "http:///api/workitemlinktypes/00000000-0000-0000-0000-000000000001",
        "self": "http:///api/workitemlinktypes/00000000-0000-0000-0000-000000000001"
      },
      "relationships": {
        "space": {
          "data": {
            "id": "00000000-0000-0000-0000-000000000002",
            "type": "spaces"
          },
          "links": {
            "related": "http:///api/spaces/00000000-0000-0000-0000-000000000002",
            "self": "http:///api/spaces/00000000-0000-0000-0000-000000000002"
          }
        },
        "space_template": {
          "data": {
            "id": "00000000-0000-0000-0000-000000000003",
            "type": "spacetemplates"
          },
          "links": {
            "related": "http:///api/spacetemplates/00000000-0000-0000-0000-000000000003",
            "self": "http:///api/spacetemplates/00000000-0000-0000-0000-000000000003"
          }
        }
      },
      "type": "workitemlinktypes"
    },
    {
      "attributes": {
        "created-at": "0001-01-01T00:00:00Z",
        "description": "One work item is the parent of another one.",
        "forward_description": "Select the work item that is the parent of this one.\nA work item can only have one parent.\n",
        "forward_name": "is parent of",
        "name": "Parenting",
        "reverse_description": "Select the work item that is a child of this one.\nA work item can have multiple children.\n",
        "reverse_name": "is child of",
        "topology": "tree",
        "updated-at": "0001-01-01T00:00:00Z",
        "version": 0
      },
      "id": "00000000-0000-0000-0000-000000000004",
      "links": {
        "related": "http:///api/workitemlinktypes/00000000-0000-0000-0000-000000000004",
        "self": "http:///api/workitemlinktypes/00000000-0000-0000-0000-000000000004"
      },
      "relationships": {
        "space": {
          "data": {
            "id": "00000000-0000-0000-0000-000000000002",
            "type": "spaces"
          },
          "links": {
            "related": "http:///api/spaces/00000000-0000-0000-0000-000000000002",
            "self": "http:///api/spaces/00000000-0000-0000-0000-000000000002"
          }
        },
        "space_template": {
          "data": {
            "id": "00000000-0000-0000-0000-000000000003",
            "type": "spacetemplates"
          },
          "links": {
            "related": "http:///api/spacetemplates/00000000-0000-0000-0000-000000000003",
            "self": "http:///api/spacetemplates/00000000-0000-0000-0000-000000000003"
          }
        }
      },
      "type": "workitemlinktypes"
    },
    {
      "attributes": {
        "created-at": "0001-01-01T00:00:00Z",
        "description": "One work item relates to another one.",
        "forward_description": "Select the work item that this one relates to.\n",
        "forward_name": "relates to",
        "name": "Related",
        "reverse_description": "Select the work item that is related to this one.\n",
        "reverse_name": "is related to",
        "topology": "network",
        "updated-at": "0001-01-01T00:00:00Z",
        "version": 0
      },
      "id": "00000000-0000-0000-0000-000000000005",
      "links": {
        "related": "http:///api/workitemlinktypes/00000000-0000-0000-0000-000000000005",
        "self": "http:///api/workitemlinktypes/00000000-0000-0000-0000-000000000005"
      },
      "relationships": {
        "space": {
          "data": {
            "id": "00000000-0000-0000-0000-000000000002",
            "type": "spaces"
          },
          "links": {
            "related": "http:///api/spaces/00000000-0000-0000-0000-000000000002",
            "self": "http:///api/spaces/00000000-0000-0000-0000-000000000002"
          }
        },
        "space_template": {
          "data": {
            "id": "00000000-0000-0000-0000-000000000003",
            "type": "spacetemplates"
          },
          "links": {
            "related": "http:///api/spacetemplates/00000000-0000-0000-0000-000000000003",
            "self": "http:///api/spacetemplates/00000000-0000-0000-0000-000000000003"
          }
        }
      },
      "type": "workitemlinktypes"
    }
  ],
  "meta": {
    "totalCount": 3
  }
}