{
  "data": [],
  "meta": {
    "totalCount": 0
  }
}