{
  "data": {
    "attributes": {
      "iteration_field": "00000000-0000-0000-0000-000000000001",
      "system.created_at": "0001-01-01T00:00:00Z",
      "system.metastate": null,
      "system.number": 9,
      "system.order": 9000,
      "system.remote_item_id": null,
      "system.state": "new",
      "system.title": "iteration_wi",
      "system.updated_at": "0001-01-01T00:00:00Z",
      "version": 1
    },
    "id": "00000000-0000-0000-0000-000000000002",
    "links": {
      "related": "http:///api/workitems/00000000-0000-0000-0000-000000000002",
      "self": "http:///api/workitems/00000000-0000-0000-0000-000000000002"
    },
    "relationships": {
      "area": {},
      "assignees": {},
      "baseType": {
        "data": {
          "id": "00000000-0000-0000-0000-000000000003",
          "type": "workitemtypes"
        },
        "links": {
          "self": "http:///api/workitemtypes/00000000-0000-0000-0000-000000000003"
        }
      },
      "boardcolumns": {},
      "children": {
        "links": {
          "related": "http:///api/workitems/00000000-0000-0000-0000-000000000002/children"
        },
        "meta": {
          "hasChildren": false
        }
      },
      "comments": {
        "links": {
          "related": "http:///api/workitems/00000000-0000-0000-0000-000000000002/comments",
          "self": "http:///api/workitems/00000000-0000-0000-0000-000000000002/relationships/comments"
        }
      },
      "creator": {
        "data": {
          "id": "00000000-0000-0000-0000-000000000004",
          "links": {
            "related": "http:///api/users/00000000-0000-0000-0000-000000000004",
            "self": "http:///api/users/00000000-0000-0000-0000-000000000004"
          },
          "type": "users"
        }
      },
      "events": {
        "links": {
          "related": "http:///api/workitems/00000000-0000-0000-0000-000000000002/events"
        }
      },
      "iteration": {},
      "labels": {
        "links": {
          "related": "http:///api/workitems/00000000-0000-0000-0000-000000000002/labels"
        }
      },
      "space": {
        "data": {
          "id": "00000000-0000-0000-0000-000000000005",
          "type": "spaces"
        },
        "links": {
          "related": "http:///api/spaces/00000000-0000-0000-0000-000000000005",
          "self": "http:///api/spaces/00000000-0000-0000-0000-000000000005"
        }
      },
      "workItemLinks": {
        "links": {
          "related": "http:///api/workitems/00000000-0000-0000-0000-000000000002/links"
        }
      }
    },
    "type": "workitems"
  },
  "links": {
    "self": "http:///api/workitems/00000000-0000-0000-0000-000000000002"
  }
}