{
  "data": {
    "attributes": {
      "name": "_TestSuccessCreateChildArea"
    },
    "type": "areas"
  }
}