{
  "data": {
    "attributes": {
      "system.created_at": "0001-01-01T00:00:00Z",
      "system.number": 2,
      "system.order": 2000,
      "system.remote_item_id": null,
      "system.state": "new",
      "system.title": "child1",
      "system.updated_at": "0001-01-01T00:00:00Z",
      "version": 0
    },
    "id": "00000000-0000-0000-0000-000000000001",
    "links": {
      "related": "http:///api/workitems/00000000-0000-0000-0000-000000000001",
      "self": "http:///api/workitems/00000000-0000-0000-0000-000000000001"
    },
    "relationships": {
      "area": {},
      "assignees": {},
      "baseType": {
        "data": {
          "id": "00000000-0000-0000-0000-000000000002",
          "type": "workitemtypes"
        },
        "links": {
          "self": "http:///api/workitemtypes/00000000-0000-0000-0000-000000000002"
        }
      },
      "children": {
        "links": {
          "related": "http:///api/workitems/00000000-0000-0000-0000-000000000001/children"
        },
        "meta": {
          "hasChildren": false
        }
      },
      "comments": {
        "links": {
          "related": "http:///api/workitems/00000000-0000-0000-0000-000000000001/comments",
          "self": "http:///api/workitems/00000000-0000-0000-0000-000000000001/relationships/comments"
        },
        "meta": {
          "totalCount": 0
        }
      },
      "creator": {
        "data": {
          "id": "00000000-0000-0000-0000-000000000003",
          "links": {
            "related": "http:///api/users/00000000-0000-0000-0000-000000000003",
            "self": "http:///api/users/00000000-0000-0000-0000-000000000003"
          },
          "type": "users"
        }
      },
      "iteration": {},
      "labels": {
        "links": {
          "related": "http:///api/workitems/00000000-0000-0000-0000-000000000001/labels"
        }
      },
      "space": {
        "data": {
          "id": "00000000-0000-0000-0000-000000000004",
          "type": "spaces"
        },
        "links": {
          "related": "http:///api/spaces/00000000-0000-0000-0000-000000000004",
          "self": "http:///api/spaces/00000000-0000-0000-0000-000000000004"
        }
      },
      "workItemLinks": {
        "links": {
          "related": "http:///api/workitems/00000000-0000-0000-0000-000000000001/links"
        }
      }
    },
    "type": "workitems"
  }
}