{
  "data": {
    "attributes": {
      "created-at": "0001-01-01T00:00:00Z",
      "updated-at": "0001-01-01T00:00:00Z",
      "version": 0
    },
    "id": "00000000-0000-0000-0000-000000000000",
    "links": {
      "self": "http://api.service.domain.org/api/workitemlinks/00000000-0000-0000-0000-000000000000"
    },
    "relationships": {
      "link_type": {
        "data": {
          "id": "00000000-0000-0000-0000-000000000001",
          "type": "workitemlinktypes"
        },
        "links": {
          "self": "http://api.service.domain.org/api/spaces/00000000-0000-0000-0000-000000000002/workitemlinktypes/00000000-0000-0000-0000-000000000001"
        }
      },
      "source": {
        "data": {
          "id": "00000000-0000-0000-0000-000000000003",
          "type": "workitems"
        },
        "links": {
          "related": "http://api.service.domain.org/api/workitems/00000000-0000-0000-0000-000000000003"
        }
      },
      "target": {
        "data": {
          "id": "00000000-0000-0000-0000-000000000004",
          "type": "workitems"
        },
        "links": {
          "related": "http://api.service.domain.org/api/workitems/00000000-0000-0000-0000-000000000004"
        }
      }
    },
    "type": "workitemlinks"
  }
}