{
  "Cache-Control": [
    "max-age=2"
  ],
  "Content-Type": [
    "application/vnd.api+json"
  ],
  "Etag": [
    "hyqGrtqs0r5iU5bCFtPiIg=="
  ],
  "Last-Modified": [
    "Thu, 27 Apr 2017 00:00:00 GMT"
  ]
}