{
  "data": [
    {
      "attributes": {
        "name": "system_description",
        "newValue": {
          "content": "# Description is modified1",
          "markup": "Markdown"
        },
        "oldValue": {
          "content": "`(see function github.com/fabric8-services/fabric8-wit/controller_test.(*TestEvent).TestListEvent.func5 in controller/work_item_events_blackbox_test.go)`",
          "markup": "Markdown"
        },
        "revisionId": "00000000-0000-0000-0000-000000000001",
        "timestamp": "0001-01-01T00:00:00Z"
      },
      "id": "00000000-0000-0000-0000-000000000002",
      "relationships": {
        "modifier": {
          "data": {
            "id": "00000000-0000-0000-0000-000000000003",
            "type": "users"
          },
          "links": {
            "related": "http:///api/users/00000000-0000-0000-0000-000000000003",
            "self": "http:///api/users/00000000-0000-0000-0000-000000000003"
          }
        },
        "workItemType": {
          "data": {
            "id": "00000000-0000-0000-0000-000000000004",
            "type": "workitemtypes"
          },
          "links": {
            "self": "http:///api/workitemtypes/00000000-0000-0000-0000-000000000004"
          }
        }
      },
      "type": "events"
    }
  ]
}