{
  "data": [
    {
      "attributes": {
        "name": "myFloatType",
        "newValue": 2.99,
        "oldValue": 1.99,
        "timestamp": "0001-01-01T00:00:00Z",
        "workItemTypeID": "00000000-0000-0000-0000-000000000001"
      },
      "id": "00000000-0000-0000-0000-000000000002",
      "relationships": {
        "modifier": {
          "data": {
            "id": "00000000-0000-0000-0000-000000000003",
            "type": "identities"
          }
        }
      },
      "type": "events"
    }
  ]
}