{
  "data": [
    {
      "attributes": {
        "name": "system.labels",
        "newValue": "00000000-0000-0000-0000-000000000001,00000000-0000-0000-0000-000000000002",
        "oldValue": "",
        "timestamp": "0001-01-01T00:00:00Z"
      },
      "id": "00000000-0000-0000-0000-000000000003",
      "relationships": {
        "modifier": {
          "data": {
            "id": "00000000-0000-0000-0000-000000000004",
            "links": {
              "related": "http:///api/users/00000000-0000-0000-0000-000000000004"
            },
            "type": "identities"
          }
        }
      },
      "type": "events"
    }
  ]
}