{
  "data": {
    "attributes": {
      "can-construct": true,
      "created-at": "0001-01-01T00:00:00Z",
      "description": "An agile development methodology focused on real-world problems, or Scenarios, described in the language and from the viewpoint of the user. Scenarios deliver particular Value Propositions and are realized via Experiences.\n",
      "name": "Scenario Driven Development",
      "updated-at": "0001-01-01T00:00:00Z",
      "version": 0
    },
    "id": "00000000-0000-0000-0000-000000000001",
    "links": {
      "self": "http:///api/spacetemplates/00000000-0000-0000-0000-000000000001"
    },
    "relationships": {
      "workitemboards": {
        "links": {
          "related": "http:///api/spacetemplates/00000000-0000-0000-0000-000000000001/workitemboards"
        }
      },
      "workitemlinktypes": {
        "links": {
          "related": "http:///api/spacetemplates/00000000-0000-0000-0000-000000000001/workitemlinktypes"
        }
      },
      "workitemtypegroups": {
        "links": {
          "related": "http:///api/spacetemplates/00000000-0000-0000-0000-000000000001/workitemtypegroups"
        }
      },
      "workitemtypes": {
        "links": {
          "related": "http:///api/spacetemplates/00000000-0000-0000-0000-000000000001/workitemtypes"
        }
      }
    },
    "type": "spacetemplates"
  }
}