{
  "data": {
    "attributes": {
      "active_status": true,
      "created-at": "0001-01-01T00:00:00Z",
      "endAt": "0001-01-01T00:00:00Z",
      "name": "Sprint #42",
      "parent_path": "/00000000-0000-0000-0000-000000000001",
      "resolved_parent_path": "/space-00000000-0000-0000-0000-000000000002",
      "startAt": "0001-01-01T00:00:00Z",
      "state": "new",
      "updated-at": "0001-01-01T00:00:00Z",
      "user_active": false
    },
    "id": "00000000-0000-0000-0000-000000000003",
    "links": {
      "related": "http:///api/iterations/00000000-0000-0000-0000-000000000003",
      "self": "http:///api/iterations/00000000-0000-0000-0000-000000000003"
    },
    "relationships": {
      "parent": {
        "data": {
          "id": "00000000-0000-0000-0000-000000000001",
          "type": "iterations"
        },
        "links": {
          "related": "http:///api/iterations/00000000-0000-0000-0000-000000000001",
          "self": "http:///api/iterations/00000000-0000-0000-0000-000000000001"
        }
      },
      "space": {
        "data": {
          "id": "00000000-0000-0000-0000-000000000004",
          "type": "spaces"
        },
        "links": {
          "related": "http:///api/spaces/00000000-0000-0000-0000-000000000004",
          "self": "http:///api/spaces/00000000-0000-0000-0000-000000000004"
        }
      },
      "workitems": {
        "links": {
          "related": "http:///api/workitems/?filter[iteration]=00000000-0000-0000-0000-000000000003"
        },
        "meta": {
          "closed": 0,
          "total": 0
        }
      }
    },
    "type": "iterations"
  }
}