{
  "Code": 200,
  "HeaderMap": {
    "Content-Type": [
      "application/vnd.api+json"
    ]
  },
  "Body": {},
  "Flushed": false
}