{
  "Content-Type": [
    "application/vnd.api+json"
  ],
  "Location": [
    "http:///api/spaces/38f6a5e5-c241-4477-894b-530461636056/workitemlinktypecombinations/4c986308-0f19-41f9-b8b3-b904291bda28"
  ]
}