{
  "Content-Disposition": [
    "attachment; filename='workitems-0001-01-01T00:00:00Z.csv'"
  ],
  "Content-Type": [
    "text/csv"
  ]
}