{
  "Cache-Control": [
    "max-age=2"
  ],
  "Etag": [
    "HL9sVbn+n0zB0pKTVtv9aw=="
  ],
  "Last-Modified": [
    "Mon, 01 Jan 0001 00:00:00 GMT"
  ]
}