{
  "errors": [
    {
      "code": "not_found",
      "detail": "work_item_types with id '525b0684-fc72-4515-85e0-87c832ec8c76' not found",
      "status": "404",
      "title": "Not found error"
    }
  ]
}