{
  "Content-Type": [
    "application/vnd.api+json"
  ],
  "Location": [
    "/api/workitemlinks/f0b8524b-0b02-4171-a514-e79aa96ae023"
  ]
}