{
  "Cache-Control": [
    "max-age=2"
  ],
  "Etag": [
    "0icd7ov5CqwDXN6Fx9z18g=="
  ],
  "Last-Modified": [
    "Mon, 01 Jan 0001 00:00:00 GMT"
  ]
}