{
  "data": [
    {
      "attributes": {
        "description": "The system category is reserved for link types that are to be manipulated by the system only.",
        "name": "system",
        "version": 89
      },
      "id": "00000000-0000-0000-0000-000000000001",
      "links": {
        "related": "http:///api/workitemlinkcategories/00000000-0000-0000-0000-000000000001",
        "self": "http:///api/workitemlinkcategories/00000000-0000-0000-0000-000000000001"
      },
      "type": "workitemlinkcategories"
    },
    {
      "attributes": {
        "description": "The user category is reserved for link types that can to be manipulated by the user.",
        "name": "user",
        "version": 89
      },
      "id": "00000000-0000-0000-0000-000000000002",
      "links": {
        "related": "http:///api/workitemlinkcategories/00000000-0000-0000-0000-000000000002",
        "self": "http:///api/workitemlinkcategories/00000000-0000-0000-0000-000000000002"
      },
      "type": "workitemlinkcategories"
    },
    {
      "attributes": {
        "description": "some description",
        "name": "link category 00000000-0000-0000-0000-000000000003",
        "version": 0
      },
      "id": "00000000-0000-0000-0000-000000000004",
      "links": {
        "related": "http:///api/workitemlinkcategories/00000000-0000-0000-0000-000000000004",
        "self": "http:///api/workitemlinkcategories/00000000-0000-0000-0000-000000000004"
      },
      "type": "workitemlinkcategories"
    },
    {
      "attributes": {
        "description": "some description",
        "name": "link category 00000000-0000-0000-0000-000000000005",
        "version": 0
      },
      "id": "00000000-0000-0000-0000-000000000006",
      "links": {
        "related": "http:///api/workitemlinkcategories/00000000-0000-0000-0000-000000000006",
        "self": "http:///api/workitemlinkcategories/00000000-0000-0000-0000-000000000006"
      },
      "type": "workitemlinkcategories"
    }
  ],
  "meta": {
    "totalCount": 4
  }
}